#-----------------------------------------------------------
# Vivado v2017.4 (64-bit)
# SW Build 2086221 on Fri Dec 15 20:55:39 MST 2017
# IP Build 2085800 on Fri Dec 15 22:25:07 MST 2017
# Start of session at: Sun May 21 20:30:46 2023
# Process ID: 181448
# Current directory: D:/workshops/sundry workshop/CO/project/CS214-Proj
# Command line: vivado.exe -gui_launcher_event rodinguilauncherevent177008 D:\workshops\sundry workshop\CO\project\CS214-Proj\proj.xpr
# Log file: D:/workshops/sundry workshop/CO/project/CS214-Proj/vivado.log
# Journal file: D:/workshops/sundry workshop/CO/project/CS214-Proj\vivado.jou
#-----------------------------------------------------------
start_gui
open_project {D:/workshops/sundry workshop/CO/project/CS214-Proj/proj.xpr}
update_compile_order -fileset sources_1
launch_runs synth_1 -jobs 6
wait_on_run synth_1
reset_run synth_1
launch_runs synth_1 -jobs 6
wait_on_run synth_1
reset_run synth_1
launch_runs synth_1 -jobs 6
wait_on_run synth_1
reset_run synth_1
launch_runs synth_1 -jobs 6
wait_on_run synth_1
reset_run synth_1
launch_runs synth_1 -jobs 6
wait_on_run synth_1
reset_run synth_1
launch_runs synth_1 -jobs 6
wait_on_run synth_1
