Copyright 1986-2017 Xilinx, Inc. All Rights Reserved.
----------------------------------------------------------------------------------------------------------------------------------------------------------
| Tool Version     : Vivado v.2017.4 (win64) Build 2086221 Fri Dec 15 20:55:39 MST 2017
| Date             : Sun May 28 21:37:18 2023
| Host             : LAPTOP-L3QUOT52 running 64-bit major release  (build 9200)
| Command          : report_power -file pipelinedcpu_power_routed.rpt -pb pipelinedcpu_power_summary_routed.pb -rpx pipelinedcpu_power_routed.rpx
| Design           : pipelinedcpu
| Device           : xc7a100tfgg484-1
| Design State     : routed
| Grade            : commercial
| Process          : typical
| Characterization : Production
----------------------------------------------------------------------------------------------------------------------------------------------------------

Power Report

Table of Contents
-----------------
1. Summary
1.1 On-Chip Components
1.2 Power Supply Summary
1.3 Confidence Level
2. Settings
2.1 Environment
2.2 Clock Constraints
3. Detailed Reports
3.1 By Hierarchy

1. Summary
----------

+--------------------------+-----------------------------------+
| Total On-Chip Power (W)  | 171.032 (Junction temp exceeded!) |
| Design Power Budget (W)  | Unspecified*                      |
| Power Budget Margin (W)  | NA                                |
| Dynamic (W)              | 170.218                           |
| Device Static (W)        | 0.815                             |
| Effective TJA (C/W)      | 2.7                               |
| Max Ambient (C)          | 0.0                               |
| Junction Temperature (C) | 125.0                             |
| Confidence Level         | Low                               |
| Setting File             | ---                               |
| Simulation Activity File | ---                               |
| Design Nets Matched      | NA                                |
+--------------------------+-----------------------------------+
* Specify Design Power Budget using, set_operating_conditions -design_power_budget <value in Watts>


1.1 On-Chip Components
----------------------

+----------------+-----------+----------+-----------+-----------------+
| On-Chip        | Power (W) | Used     | Available | Utilization (%) |
+----------------+-----------+----------+-----------+-----------------+
| Slice Logic    |    68.113 |     9356 |       --- |             --- |
|   LUT as Logic |    58.599 |     5930 |     63400 |            9.35 |
|   CARRY4       |     9.206 |     1256 |     15850 |            7.92 |
|   Register     |     0.249 |     1573 |    126800 |            1.24 |
|   F7/F8 Muxes  |     0.041 |      213 |     63400 |            0.34 |
|   BUFG         |     0.017 |        4 |        32 |           12.50 |
|   Others       |     0.000 |       96 |       --- |             --- |
| Signals        |    68.733 |     8687 |       --- |             --- |
| Block RAM      |     1.322 |       29 |       135 |           21.48 |
| DSPs           |     2.931 |        3 |       240 |            1.25 |
| I/O            |    29.120 |       39 |       285 |           13.68 |
| Static Power   |     0.815 |          |           |                 |
| Total          |   171.032 |          |           |                 |
+----------------+-----------+----------+-----------+-----------------+


1.2 Power Supply Summary
------------------------

+-----------+-------------+-----------+-------------+------------+
| Source    | Voltage (V) | Total (A) | Dynamic (A) | Static (A) |
+-----------+-------------+-----------+-------------+------------+
| Vccint    |       1.000 |   141.611 |     141.040 |      0.572 |
| Vccaux    |       1.800 |     1.158 |       1.065 |      0.093 |
| Vcco33    |       3.300 |     8.231 |       8.227 |      0.004 |
| Vcco25    |       2.500 |     0.000 |       0.000 |      0.000 |
| Vcco18    |       1.800 |     0.000 |       0.000 |      0.000 |
| Vcco15    |       1.500 |     0.000 |       0.000 |      0.000 |
| Vcco135   |       1.350 |     0.000 |       0.000 |      0.000 |
| Vcco12    |       1.200 |     0.000 |       0.000 |      0.000 |
| Vccaux_io |       1.800 |     0.000 |       0.000 |      0.000 |
| Vccbram   |       1.000 |     0.137 |       0.110 |      0.027 |
| MGTAVcc   |       1.000 |     0.000 |       0.000 |      0.000 |
| MGTAVtt   |       1.200 |     0.000 |       0.000 |      0.000 |
| Vccadc    |       1.800 |     0.020 |       0.000 |      0.020 |
+-----------+-------------+-----------+-------------+------------+


1.3 Confidence Level
--------------------

+-----------------------------+------------+--------------------------------------------------------+--------------------------------------------------------------------------------------------------------------------+
| User Input Data             | Confidence | Details                                                | Action                                                                                                             |
+-----------------------------+------------+--------------------------------------------------------+--------------------------------------------------------------------------------------------------------------------+
| Design implementation state | High       | Design is routed                                       |                                                                                                                    |
| Clock nodes activity        | Low        | User specified less than 75% of clocks                 | Provide missing clock activity with a constraint file, simulation results or by editing the "By Clock Domain" view |
| I/O nodes activity          | Low        | More than 75% of inputs are missing user specification | Provide missing input activity with simulation results or by editing the "By Resource Type -> I/Os" view           |
| Internal nodes activity     | Medium     | User specified less than 25% of internal nodes         | Provide missing internal nodes activity with simulation results or by editing the "By Resource Type" views         |
| Device models               | High       | Device models are Production                           |                                                                                                                    |
|                             |            |                                                        |                                                                                                                    |
| Overall confidence level    | Low        |                                                        |                                                                                                                    |
+-----------------------------+------------+--------------------------------------------------------+--------------------------------------------------------------------------------------------------------------------+


2. Settings
-----------

2.1 Environment
---------------

+-----------------------+--------------------------+
| Ambient Temp (C)      | 25.0                     |
| ThetaJA (C/W)         | 2.7                      |
| Airflow (LFM)         | 250                      |
| Heat Sink             | medium (Medium Profile)  |
| ThetaSA (C/W)         | 4.6                      |
| Board Selection       | medium (10"x10")         |
| # of Board Layers     | 12to15 (12 to 15 Layers) |
| Board Temperature (C) | 25.0                     |
+-----------------------+--------------------------+


2.2 Clock Constraints
---------------------

+-------+--------+-----------------+
| Clock | Domain | Constraint (ns) |
+-------+--------+-----------------+


3. Detailed Reports
-------------------

3.1 By Hierarchy
----------------

+--------------------------------------------------+-----------+
| Name                                             | Power (W) |
+--------------------------------------------------+-----------+
| pipelinedcpu                                     |   170.217 |
|   de_reg                                         |     0.372 |
|   em_reg                                         |     0.506 |
|   exe_stage                                      |   128.180 |
|     al_unit                                      |   120.289 |
|       selector                                   |     0.783 |
|       shifter                                    |     4.487 |
|     alu_ina                                      |     2.360 |
|     alu_inb                                      |     4.792 |
|     save_pc8                                     |     0.709 |
|   fsm                                            |     0.345 |
|   id_stage                                       |     1.780 |
|     alu_a                                        |     0.784 |
|     alu_b                                        |     0.417 |
|     cu                                           |     0.057 |
|     des_reg_no                                   |     0.004 |
|     rf                                           |     0.186 |
|   if_stage                                       |     1.302 |
|     ist_mem                                      |     0.995 |
|       instmem                                    |     0.995 |
|         U0                                       |     0.995 |
|           inst_blk_mem_gen                       |     0.995 |
|             gnbram.gnativebmg.native_blk_mem_gen |     0.995 |
|               valid.cstr                         |     0.995 |
|                 bindec_a.bindec_inst_a           |    <0.001 |
|                 has_mux_a.A                      |     0.156 |
|                 ramloop[0].ram.r                 |     0.071 |
|                   prim_init.ram                  |     0.071 |
|                 ramloop[10].ram.r                |     0.046 |
|                   prim_init.ram                  |     0.046 |
|                 ramloop[11].ram.r                |     0.043 |
|                   prim_init.ram                  |     0.043 |
|                 ramloop[12].ram.r                |     0.051 |
|                   prim_init.ram                  |     0.051 |
|                 ramloop[13].ram.r                |     0.049 |
|                   prim_init.ram                  |     0.049 |
|                 ramloop[14].ram.r                |     0.047 |
|                   prim_init.ram                  |     0.047 |
|                 ramloop[1].ram.r                 |     0.143 |
|                   prim_init.ram                  |     0.143 |
|                 ramloop[2].ram.r                 |     0.119 |
|                   prim_init.ram                  |     0.119 |
|                 ramloop[3].ram.r                 |     0.046 |
|                   prim_init.ram                  |     0.046 |
|                 ramloop[4].ram.r                 |     0.046 |
|                   prim_init.ram                  |     0.046 |
|                 ramloop[5].ram.r                 |     0.039 |
|                   prim_init.ram                  |     0.039 |
|                 ramloop[6].ram.r                 |     0.042 |
|                   prim_init.ram                  |     0.042 |
|                 ramloop[7].ram.r                 |     0.034 |
|                   prim_init.ram                  |     0.034 |
|                 ramloop[8].ram.r                 |     0.032 |
|                   prim_init.ram                  |     0.032 |
|                 ramloop[9].ram.r                 |     0.032 |
|                   prim_init.ram                  |     0.032 |
|     next_pc                                      |     0.202 |
|   inst_reg                                       |     0.014 |
|     brance_prebrance                             |    <0.001 |
|     instruction                                  |     0.013 |
|     pc_plus4                                     |    <0.001 |
|   mem_stage                                      |     2.533 |
|     io_processor                                 |     0.616 |
|     ram                                          |     1.916 |
|       U0                                         |     1.916 |
|         inst_blk_mem_gen                         |     1.916 |
|           gnbram.gnativebmg.native_blk_mem_gen   |     1.916 |
|             valid.cstr                           |     1.916 |
|               bindec_a.bindec_inst_a             |    <0.001 |
|               has_mux_a.A                        |     0.804 |
|               ramloop[0].ram.r                   |     0.094 |
|                 prim_init.ram                    |     0.094 |
|               ramloop[10].ram.r                  |    <0.001 |
|                 prim_init.ram                    |    <0.001 |
|               ramloop[11].ram.r                  |     0.205 |
|                 prim_init.ram                    |     0.205 |
|               ramloop[12].ram.r                  |    <0.001 |
|                 prim_init.ram                    |    <0.001 |
|               ramloop[13].ram.r                  |    <0.001 |
|                 prim_init.ram                    |    <0.001 |
|               ramloop[14].ram.r                  |    <0.001 |
|                 prim_init.ram                    |    <0.001 |
|               ramloop[1].ram.r                   |     0.203 |
|                 prim_init.ram                    |     0.203 |
|               ramloop[2].ram.r                   |     0.204 |
|                 prim_init.ram                    |     0.204 |
|               ramloop[3].ram.r                   |     0.208 |
|                 prim_init.ram                    |     0.208 |
|               ramloop[4].ram.r                   |    <0.001 |
|                 prim_init.ram                    |    <0.001 |
|               ramloop[5].ram.r                   |    <0.001 |
|                 prim_init.ram                    |    <0.001 |
|               ramloop[6].ram.r                   |    <0.001 |
|                 prim_init.ram                    |    <0.001 |
|               ramloop[7].ram.r                   |     0.192 |
|                 prim_init.ram                    |     0.192 |
|               ramloop[8].ram.r                   |    <0.001 |
|                 prim_init.ram                    |    <0.001 |
|               ramloop[9].ram.r                   |    <0.001 |
|                 prim_init.ram                    |    <0.001 |
|   mw_reg                                         |     0.436 |
|   prog_cnt                                       |     0.003 |
|     program_counter                              |     0.003 |
|   sd                                             |     1.516 |
|     seg_enc0                                     |     0.566 |
|   wb_stage                                       |     3.440 |
+--------------------------------------------------+-----------+


